
> travel-ops-oups@0.1.0 build
> next build

node.exe :  ÔÜá 
Warning: Next.js 
inferred your 
workspace root, but 
it may not be correct.
Au caractère Ligne:1 
: 1
+ & "C:\Program Files\
nodejs/node.exe" 
"C:\Program 
Files\nodejs/node_mo 
...
+ ~~~~~~~~~~~~~~~~~~~~
~~~~~~~~~~~~~~~~~~~~~~
~~~~~~~~~~~~~~~~~~~~~~
~~~~~
    + CategoryInfo    
          : NotSpeci  
  fied: ( ÔÜá Warni   
 ng: N...not be co    
rrect.:String) []    
, RemoteException
    + FullyQualifiedE 
   rrorId : NativeCo  
  mmandError
 
 We detected multiple 
lockfiles and 
selected the 
directory of C:\Users\
Adem\Desktop\TRAVELops
1.1-main\package-lock.
json as the root 
directory.
 To silence this 
warning, set 
`turbopack.root` in 
your Next.js config, 
or consider removing 
one of the lockfiles 
if it's not needed.
   See https://nextjs.
org/docs/app/api-refer
ence/config/next-confi
g-js/turbopack#root-di
rectory for more 
information.
 Detected additional 
lockfiles: 
   * C:\Users\Adem\Des
ktop\TRAVELops1.1-main
\travel-ops-oups\packa
ge-lock.json

   Ôû▓ Next.js 16.0.10 (Turbopack)
   - Environments: .env

   Creating an optimized production build ...
 Ô£ô Compiled successfully in 13.8s
   Running TypeScript ...
Failed to compile.

./prisma/seed.ts:128:9
Type error: Type 
'PackageGeneralInfo' 
is not assignable to 
type 'JsonNull | 
InputJsonValue | 
undefined'.
  Type 
'PackageGeneralInfo' 
is not assignable to 
type 
'InputJsonObject'.
    Index signature 
for type 'string' is 
missing in type 
'PackageGeneralInfo'.

[0m [90m 126 |[39m 
      
update[33m:[39m {
 [90m 127 |[39m     
    status[33m:[39m 
pkg[33m.[39mstatus 
[33m===[39m 
[32m"published"[39m 
[33m?[39m [33mPacka
geStatus[39m[33m.[3
9mpublished 
[33m:[39m [33mPacka
geStatus[39m[33m.[3
9mdraft[33m,[39m
[31m[1m>[22m[39m[
90m 128 |[39m        
 general[33m:[39m pk
g[33m.[39mgeneral[3
3m,[39m
 [90m     |[39m     
    
[31m[1m^[22m[39m
 [90m 129 |[39m     
    
flights[33m:[39m pkg
[33m.[39mflights[33
m,[39m
 [90m 130 |[39m     
    accommodations[33
m:[39m pkg[33m.[39m
accommodations[33m,[
39m
 [90m 131 |[39m     
    
pricing[33m:[39m pkg
[33m.[39mpricing[33
m,[39m[0m
Next.js build worker 
exited with code: 1 
and signal: null
